2026-05-21 10:31:45,707 [INFO] === full run (EN) ===
2026-05-21 10:31:46,314 [INFO] [洗碗机] total=500 pages=50
2026-05-21 10:31:47,344 [INFO] [洗碗机] list page 2/50 count=20
2026-05-21 10:31:48,379 [INFO] [洗碗机] list page 3/50 count=30
2026-05-21 10:31:49,479 [INFO] [洗碗机] list page 4/50 count=40
2026-05-21 10:31:50,507 [INFO] [洗碗机] list page 5/50 count=50
2026-05-21 10:31:51,772 [INFO] [洗碗机] list page 6/50 count=60
2026-05-21 10:31:52,823 [INFO] [洗碗机] list page 7/50 count=70
2026-05-21 10:31:54,027 [INFO] [洗碗机] list page 8/50 count=80
2026-05-21 10:31:55,292 [INFO] [洗碗机] list page 9/50 count=90
2026-05-21 10:31:56,504 [INFO] [洗碗机] list page 10/50 count=100
2026-05-21 10:31:57,553 [INFO] [洗碗机] list page 11/50 count=110
2026-05-21 10:31:58,634 [INFO] [洗碗机] list page 12/50 count=120
2026-05-21 10:31:59,704 [INFO] [洗碗机] list page 13/50 count=130
2026-05-21 10:32:00,886 [INFO] [洗碗机] list page 14/50 count=140
2026-05-21 10:32:01,985 [INFO] [洗碗机] list page 15/50 count=150
2026-05-21 10:32:03,592 [INFO] [洗碗机] list page 16/50 count=160
2026-05-21 10:32:05,156 [INFO] [洗碗机] list page 17/50 count=170
2026-05-21 10:32:06,574 [INFO] [洗碗机] list page 18/50 count=180
2026-05-21 10:32:07,908 [INFO] [洗碗机] list page 19/50 count=190
2026-05-21 10:32:09,393 [INFO] [洗碗机] list page 20/50 count=200
2026-05-21 10:32:10,931 [INFO] [洗碗机] list page 21/50 count=210
2026-05-21 10:32:12,359 [INFO] [洗碗机] list page 22/50 count=220
2026-05-21 10:32:13,687 [INFO] [洗碗机] list page 23/50 count=230
2026-05-21 10:32:15,156 [INFO] [洗碗机] list page 24/50 count=240
2026-05-21 10:32:16,586 [INFO] [洗碗机] list page 25/50 count=250
2026-05-21 10:32:17,991 [INFO] [洗碗机] list page 26/50 count=260
2026-05-21 10:32:19,394 [INFO] [洗碗机] list page 27/50 count=270
2026-05-21 10:32:20,685 [INFO] [洗碗机] list page 28/50 count=280
2026-05-21 10:32:22,102 [INFO] [洗碗机] list page 29/50 count=290
2026-05-21 10:32:23,503 [INFO] [洗碗机] list page 30/50 count=300
2026-05-21 10:32:25,051 [INFO] [洗碗机] list page 31/50 count=310
2026-05-21 10:32:26,478 [INFO] [洗碗机] list page 32/50 count=320
2026-05-21 10:32:27,544 [INFO] [洗碗机] list page 33/50 count=330
2026-05-21 10:32:28,685 [INFO] [洗碗机] list page 34/50 count=340
2026-05-21 10:32:29,707 [INFO] [洗碗机] list page 35/50 count=350
2026-05-21 10:32:30,672 [INFO] [洗碗机] list page 36/50 count=360
2026-05-21 10:32:31,913 [INFO] [洗碗机] list page 37/50 count=370
2026-05-21 10:32:33,154 [INFO] [洗碗机] list page 38/50 count=380
2026-05-21 10:32:34,116 [INFO] [洗碗机] list page 39/50 count=390
2026-05-21 10:32:35,165 [INFO] [洗碗机] list page 40/50 count=400
2026-05-21 10:32:36,441 [INFO] [洗碗机] list page 41/50 count=410
2026-05-21 10:32:37,682 [INFO] [洗碗机] list page 42/50 count=420
2026-05-21 10:32:38,718 [INFO] [洗碗机] list page 43/50 count=430
2026-05-21 10:32:39,986 [INFO] [洗碗机] list page 44/50 count=440
2026-05-21 10:32:40,955 [INFO] [洗碗机] list page 45/50 count=450
2026-05-21 10:32:41,991 [INFO] [洗碗机] list page 46/50 count=460
2026-05-21 10:32:43,082 [INFO] [洗碗机] list page 47/50 count=470
2026-05-21 10:32:43,990 [INFO] [洗碗机] list page 48/50 count=480
2026-05-21 10:32:45,075 [INFO] [洗碗机] list page 49/50 count=490
2026-05-21 10:32:46,170 [INFO] [洗碗机] list page 50/50 count=500
2026-05-21 10:33:39,809 [INFO] [洗碗机] details 50/500
2026-05-21 10:34:53,763 [INFO] [洗碗机] details 100/500
2026-05-21 10:35:28,354 [WARNING] detail id=633882118798 failed (1/5): HTTPSConnectionPool(host='www.waterlabel.org.cn', port=443): Read timed out. (read timeout=10); retry in 3s
2026-05-21 10:36:00,614 [INFO] [洗碗机] details 150/500
2026-05-21 10:36:18,250 [WARNING] detail id=633882092397 failed (1/5): HTTPSConnectionPool(host='www.waterlabel.org.cn', port=443): Read timed out. (read timeout=10); retry in 3s
2026-05-21 10:37:12,600 [INFO] [洗碗机] details 200/500
2026-05-21 10:38:10,795 [INFO] [洗碗机] details 250/500
2026-05-21 10:39:08,024 [INFO] [洗碗机] details 300/500
2026-05-21 10:40:14,319 [INFO] [洗碗机] details 350/500
2026-05-21 10:41:13,568 [INFO] [洗碗机] details 400/500
2026-05-21 10:42:11,896 [INFO] [洗碗机] details 450/500
2026-05-21 10:43:08,921 [INFO] [洗碗机] details 500/500
2026-05-21 10:43:09,467 [INFO] [洗碗机2025版] total=122 pages=13
2026-05-21 10:43:10,544 [INFO] [洗碗机2025版] list page 2/13 count=20
2026-05-21 10:43:11,621 [INFO] [洗碗机2025版] list page 3/13 count=30
2026-05-21 10:43:12,743 [INFO] [洗碗机2025版] list page 4/13 count=40
2026-05-21 10:43:13,978 [INFO] [洗碗机2025版] list page 5/13 count=50
2026-05-21 10:43:15,053 [INFO] [洗碗机2025版] list page 6/13 count=60
2026-05-21 10:43:16,229 [INFO] [洗碗机2025版] list page 7/13 count=70
2026-05-21 10:43:17,370 [INFO] [洗碗机2025版] list page 8/13 count=80
2026-05-21 10:43:18,604 [INFO] [洗碗机2025版] list page 9/13 count=90
2026-05-21 10:43:19,942 [INFO] [洗碗机2025版] list page 10/13 count=100
2026-05-21 10:43:21,362 [INFO] [洗碗机2025版] list page 11/13 count=110
2026-05-21 10:43:22,486 [INFO] [洗碗机2025版] list page 12/13 count=120
2026-05-21 10:43:23,588 [INFO] [洗碗机2025版] list page 13/13 count=122
2026-05-21 10:44:21,017 [INFO] [洗碗机2025版] details 50/122
2026-05-21 10:45:17,999 [INFO] [洗碗机2025版] details 100/122
2026-05-21 10:45:43,886 [INFO] [洗碗机2025版] details 122/122
2026-05-21 10:45:43,886 [INFO] full scrape done: 622 rows
2026-05-21 10:45:43,921 [INFO] csv waterlabel_full_en_20260521.csv (622 rows)
2026-05-21 10:45:51,622 [ERROR] feishu batch 2: {'code': 1254060, 'msg': 'TextFieldConvFail', 'error': {'message': "Invalid request parameter: 'records[0].fields.Noise dB(A).fieldValue.44.fieldName.Noise dB(A)'. Correct format : the value of 'Multiline' must be a string. Please check and modify accordingly.", 'log_id': '202605211045509D30E4C2486570CACCC7', 'troubleshooter': '排查建议查看(Troubleshooting suggestions): https://open.feishu.cn/search?from=openapi&log_id=202605211045509D30E4C2486570CACCC7&code=1254060&method_id=6965347212289441794'}}
2026-05-21 10:45:51,923 [INFO] feishu written: 500
2026-05-21 10:45:51,925 [INFO] === done ===
2026-05-21 10:48:19,913 [ERROR] feishu batch 2: {'code': 1254061, 'msg': 'NumberFieldConvFail', 'error': {'message': "Invalid request parameter: 'records[0].fields.Noise dB(A)'. Correct format : the value of 'Number' must be a number. Please check and modify accordingly.", 'log_id': '2026052110481866B2036F5BB365FBF34A', 'troubleshooter': '排查建议查看(Troubleshooting suggestions): https://open.feishu.cn/search?from=openapi&log_id=2026052110481866B2036F5BB365FBF34A&code=1254061&method_id=6965347212289441794'}}
2026-05-21 10:48:20,215 [INFO] feishu written: 500
2026-05-21 10:50:36,338 [INFO] feishu written: 622
2026-05-22 09:18:57,341 [INFO] === daily run (EN) for 2026-05-21 ===
2026-05-22 09:18:57,341 [INFO] daily scrape for: 2026-05-21
2026-05-22 09:18:59,542 [INFO] [洗碗机] 1 rows on 2026-05-21
2026-05-22 09:19:00,751 [INFO] [洗碗机] details 1/1
2026-05-22 09:19:01,848 [INFO] [洗碗机2025版] 0 rows on 2026-05-21
2026-05-22 09:19:01,849 [INFO] csv waterlabel_daily_en_20260521.csv (1 rows)
2026-05-22 09:19:06,056 [INFO] feishu written: 1
2026-05-22 09:19:06,058 [INFO] === done ===
